=== --fuzz-seed 1 ===
No files changed, compilation skipped

Ran 6 tests for test/PoolRoundsInvariant.t.sol:PoolRoundsInvariantCap4Test
[PASS] invariant_BalanceIsDepositsMinusOutflows() (runs: 64, calls: 12800, reverts: 0)

╭-------------------+---------------+-------+---------+----------╮
| Contract          | Selector      | Calls | Reverts | Discards |
+================================================================+
| PoolRoundsHandler | bet           | 2583  | 0       | 0        |
|-------------------+---------------+-------+---------+----------|
| PoolRoundsHandler | claim         | 808   | 0       | 0        |
|-------------------+---------------+-------+---------+----------|
| PoolRoundsHandler | claimAgain    | 863   | 0       | 0        |
|-------------------+---------------+-------+---------+----------|
| PoolRoundsHandler | claimReferral | 874   | 0       | 0        |
|-------------------+---------------+-------+---------+----------|
| PoolRoundsHandler | fixStrike     | 862   | 0       | 0        |
|-------------------+---------------+-------+---------+----------|
| PoolRoundsHandler | oracle        | 798   | 0       | 0        |
|-------------------+---------------+-------+---------+----------|
| PoolRoundsHandler | setPolicy     | 840   | 0       | 0        |
|-------------------+---------------+-------+---------+----------|
| PoolRoundsHandler | settle        | 1763  | 0       | 0        |
|-------------------+---------------+-------+---------+----------|
| PoolRoundsHandler | togglePause   | 832   | 0       | 0        |
|-------------------+---------------+-------+---------+----------|
| PoolRoundsHandler | warp          | 1739  | 0       | 0        |
|-------------------+---------------+-------+---------+----------|
| PoolRoundsHandler | withdrawFees  | 838   | 0       | 0        |
╰-------------------+---------------+-------+---------+----------╯

[PASS] invariant_DecidedRoundsCoverTheirBudget() (runs: 64, calls: 12800, reverts: 0)

╭-------------------+---------------+-------+---------+----------╮
| Contract          | Selector      | Calls | Reverts | Discards |
+================================================================+
| PoolRoundsHandler | bet           | 2583  | 0       | 0        |
|-------------------+---------------+-------+---------+----------|
| PoolRoundsHandler | claim         | 808   | 0       | 0        |
|-------------------+---------------+-------+---------+----------|
| PoolRoundsHandler | claimAgain    | 863   | 0       | 0        |
|-------------------+---------------+-------+---------+----------|
| PoolRoundsHandler | claimReferral | 874   | 0       | 0        |
|-------------------+---------------+-------+---------+----------|
| PoolRoundsHandler | fixStrike     | 862   | 0       | 0        |
|-------------------+---------------+-------+---------+----------|
| PoolRoundsHandler | oracle        | 798   | 0       | 0        |
|-------------------+---------------+-------+---------+----------|
| PoolRoundsHandler | setPolicy     | 840   | 0       | 0        |
|-------------------+---------------+-------+---------+----------|
| PoolRoundsHandler | settle        | 1763  | 0       | 0        |
|-------------------+---------------+-------+---------+----------|
| PoolRoundsHandler | togglePause   | 832   | 0       | 0        |
|-------------------+---------------+-------+---------+----------|
| PoolRoundsHandler | warp          | 1739  | 0       | 0        |
|-------------------+---------------+-------+---------+----------|
| PoolRoundsHandler | withdrawFees  | 838   | 0       | 0        |
╰-------------------+---------------+-------+---------+----------╯

[PASS] invariant_FinishedRoundsLeaveOnlyFeeAndDust() (runs: 64, calls: 12800, reverts: 0)

╭-------------------+---------------+-------+---------+----------╮
| Contract          | Selector      | Calls | Reverts | Discards |
+================================================================+
| PoolRoundsHandler | bet           | 2583  | 0       | 0        |
|-------------------+---------------+-------+---------+----------|
| PoolRoundsHandler | claim         | 808   | 0       | 0        |
|-------------------+---------------+-------+---------+----------|
| PoolRoundsHandler | claimAgain    | 863   | 0       | 0        |
|-------------------+---------------+-------+---------+----------|
| PoolRoundsHandler | claimReferral | 874   | 0       | 0        |
|-------------------+---------------+-------+---------+----------|
| PoolRoundsHandler | fixStrike     | 862   | 0       | 0        |
|-------------------+---------------+-------+---------+----------|
| PoolRoundsHandler | oracle        | 798   | 0       | 0        |
|-------------------+---------------+-------+---------+----------|
| PoolRoundsHandler | setPolicy     | 840   | 0       | 0        |
|-------------------+---------------+-------+---------+----------|
| PoolRoundsHandler | settle        | 1763  | 0       | 0        |
|-------------------+---------------+-------+---------+----------|
| PoolRoundsHandler | togglePause   | 832   | 0       | 0        |
|-------------------+---------------+-------+---------+----------|
| PoolRoundsHandler | warp          | 1739  | 0       | 0        |
|-------------------+---------------+-------+---------+----------|
| PoolRoundsHandler | withdrawFees  | 838   | 0       | 0        |
╰-------------------+---------------+-------+---------+----------╯

[PASS] invariant_NoTicketIsPaidTwice_AndPauseHoldsBets() (runs: 64, calls: 12800, reverts: 0)

╭-------------------+---------------+-------+---------+----------╮
| Contract          | Selector      | Calls | Reverts | Discards |
+================================================================+
| PoolRoundsHandler | bet           | 2583  | 0       | 0        |
|-------------------+---------------+-------+---------+----------|
| PoolRoundsHandler | claim         | 808   | 0       | 0        |
|-------------------+---------------+-------+---------+----------|
| PoolRoundsHandler | claimAgain    | 863   | 0       | 0        |
|-------------------+---------------+-------+---------+----------|
| PoolRoundsHandler | claimReferral | 874   | 0       | 0        |
|-------------------+---------------+-------+---------+----------|
| PoolRoundsHandler | fixStrike     | 862   | 0       | 0        |
|-------------------+---------------+-------+---------+----------|
| PoolRoundsHandler | oracle        | 798   | 0       | 0        |
|-------------------+---------------+-------+---------+----------|
| PoolRoundsHandler | setPolicy     | 840   | 0       | 0        |
|-------------------+---------------+-------+---------+----------|
| PoolRoundsHandler | settle        | 1763  | 0       | 0        |
|-------------------+---------------+-------+---------+----------|
| PoolRoundsHandler | togglePause   | 832   | 0       | 0        |
|-------------------+---------------+-------+---------+----------|
| PoolRoundsHandler | warp          | 1739  | 0       | 0        |
|-------------------+---------------+-------+---------+----------|
| PoolRoundsHandler | withdrawFees  | 838   | 0       | 0        |
╰-------------------+---------------+-------+---------+----------╯

[PASS] invariant_Solvent() (runs: 64, calls: 12800, reverts: 0)

╭-------------------+---------------+-------+---------+----------╮
| Contract          | Selector      | Calls | Reverts | Discards |
+================================================================+
| PoolRoundsHandler | bet           | 2583  | 0       | 0        |
|-------------------+---------------+-------+---------+----------|
| PoolRoundsHandler | claim         | 808   | 0       | 0        |
|-------------------+---------------+-------+---------+----------|
| PoolRoundsHandler | claimAgain    | 863   | 0       | 0        |
|-------------------+---------------+-------+---------+----------|
| PoolRoundsHandler | claimReferral | 874   | 0       | 0        |
|-------------------+---------------+-------+---------+----------|
| PoolRoundsHandler | fixStrike     | 862   | 0       | 0        |
|-------------------+---------------+-------+---------+----------|
| PoolRoundsHandler | oracle        | 798   | 0       | 0        |
|-------------------+---------------+-------+---------+----------|
| PoolRoundsHandler | setPolicy     | 840   | 0       | 0        |
|-------------------+---------------+-------+---------+----------|
| PoolRoundsHandler | settle        | 1763  | 0       | 0        |
|-------------------+---------------+-------+---------+----------|
| PoolRoundsHandler | togglePause   | 832   | 0       | 0        |
|-------------------+---------------+-------+---------+----------|
| PoolRoundsHandler | warp          | 1739  | 0       | 0        |
|-------------------+---------------+-------+---------+----------|
| PoolRoundsHandler | withdrawFees  | 838   | 0       | 0        |
╰-------------------+---------------+-------+---------+----------╯

[PASS] invariant_zz_CoverageSummary() (runs: 64, calls: 12800, reverts: 0)

╭-------------------+---------------+-------+---------+----------╮
| Contract          | Selector      | Calls | Reverts | Discards |
+================================================================+
| PoolRoundsHandler | bet           | 2583  | 0       | 0        |
|-------------------+---------------+-------+---------+----------|
| PoolRoundsHandler | claim         | 808   | 0       | 0        |
|-------------------+---------------+-------+---------+----------|
| PoolRoundsHandler | claimAgain    | 863   | 0       | 0        |
|-------------------+---------------+-------+---------+----------|
| PoolRoundsHandler | claimReferral | 874   | 0       | 0        |
|-------------------+---------------+-------+---------+----------|
| PoolRoundsHandler | fixStrike     | 862   | 0       | 0        |
|-------------------+---------------+-------+---------+----------|
| PoolRoundsHandler | oracle        | 798   | 0       | 0        |
|-------------------+---------------+-------+---------+----------|
| PoolRoundsHandler | setPolicy     | 840   | 0       | 0        |
|-------------------+---------------+-------+---------+----------|
| PoolRoundsHandler | settle        | 1763  | 0       | 0        |
|-------------------+---------------+-------+---------+----------|
| PoolRoundsHandler | togglePause   | 832   | 0       | 0        |
|-------------------+---------------+-------+---------+----------|
| PoolRoundsHandler | warp          | 1739  | 0       | 0        |
|-------------------+---------------+-------+---------+----------|
| PoolRoundsHandler | withdrawFees  | 838   | 0       | 0        |
╰-------------------+---------------+-------+---------+----------╯

Logs:
  rounds 10 tickets 17
  claims 6 strikes fixed 1
  settle/fixStrike decisions 2
  UP 1 DOWN 1
  TIE 0 REFUND 0

Suite result: ok. 6 passed; 0 failed; 0 skipped; finished in 74.46s (195.22s CPU time)

Ran 6 tests for test/PoolRoundsInvariant.t.sol:PoolRoundsInvariantCap1Test
[PASS] invariant_BalanceIsDepositsMinusOutflows() (runs: 64, calls: 12800, reverts: 0)

╭-------------------+---------------+-------+---------+----------╮
| Contract          | Selector      | Calls | Reverts | Discards |
+================================================================+
| PoolRoundsHandler | bet           | 2583  | 0       | 0        |
|-------------------+---------------+-------+---------+----------|
| PoolRoundsHandler | claim         | 808   | 0       | 0        |
|-------------------+---------------+-------+---------+----------|
| PoolRoundsHandler | claimAgain    | 863   | 0       | 0        |
|-------------------+---------------+-------+---------+----------|
| PoolRoundsHandler | claimReferral | 874   | 0       | 0        |
|-------------------+---------------+-------+---------+----------|
| PoolRoundsHandler | fixStrike     | 862   | 0       | 0        |
|-------------------+---------------+-------+---------+----------|
| PoolRoundsHandler | oracle        | 798   | 0       | 0        |
|-------------------+---------------+-------+---------+----------|
| PoolRoundsHandler | setPolicy     | 840   | 0       | 0        |
|-------------------+---------------+-------+---------+----------|
| PoolRoundsHandler | settle        | 1763  | 0       | 0        |
|-------------------+---------------+-------+---------+----------|
| PoolRoundsHandler | togglePause   | 832   | 0       | 0        |
|-------------------+---------------+-------+---------+----------|
| PoolRoundsHandler | warp          | 1739  | 0       | 0        |
|-------------------+---------------+-------+---------+----------|
| PoolRoundsHandler | withdrawFees  | 838   | 0       | 0        |
╰-------------------+---------------+-------+---------+----------╯

[PASS] invariant_DecidedRoundsCoverTheirBudget() (runs: 64, calls: 12800, reverts: 0)

╭-------------------+---------------+-------+---------+----------╮
| Contract          | Selector      | Calls | Reverts | Discards |
+================================================================+
| PoolRoundsHandler | bet           | 2583  | 0       | 0        |
|-------------------+---------------+-------+---------+----------|
| PoolRoundsHandler | claim         | 808   | 0       | 0        |
|-------------------+---------------+-------+---------+----------|
| PoolRoundsHandler | claimAgain    | 863   | 0       | 0        |
|-------------------+---------------+-------+---------+----------|
| PoolRoundsHandler | claimReferral | 874   | 0       | 0        |
|-------------------+---------------+-------+---------+----------|
| PoolRoundsHandler | fixStrike     | 862   | 0       | 0        |
|-------------------+---------------+-------+---------+----------|
| PoolRoundsHandler | oracle        | 798   | 0       | 0        |
|-------------------+---------------+-------+---------+----------|
| PoolRoundsHandler | setPolicy     | 840   | 0       | 0        |
|-------------------+---------------+-------+---------+----------|
| PoolRoundsHandler | settle        | 1763  | 0       | 0        |
|-------------------+---------------+-------+---------+----------|
| PoolRoundsHandler | togglePause   | 832   | 0       | 0        |
|-------------------+---------------+-------+---------+----------|
| PoolRoundsHandler | warp          | 1739  | 0       | 0        |
|-------------------+---------------+-------+---------+----------|
| PoolRoundsHandler | withdrawFees  | 838   | 0       | 0        |
╰-------------------+---------------+-------+---------+----------╯

[PASS] invariant_FinishedRoundsLeaveOnlyFeeAndDust() (runs: 64, calls: 12800, reverts: 0)

╭-------------------+---------------+-------+---------+----------╮
| Contract          | Selector      | Calls | Reverts | Discards |
+================================================================+
| PoolRoundsHandler | bet           | 2583  | 0       | 0        |
|-------------------+---------------+-------+---------+----------|
| PoolRoundsHandler | claim         | 808   | 0       | 0        |
|-------------------+---------------+-------+---------+----------|
| PoolRoundsHandler | claimAgain    | 863   | 0       | 0        |
|-------------------+---------------+-------+---------+----------|
| PoolRoundsHandler | claimReferral | 874   | 0       | 0        |
|-------------------+---------------+-------+---------+----------|
| PoolRoundsHandler | fixStrike     | 862   | 0       | 0        |
|-------------------+---------------+-------+---------+----------|
| PoolRoundsHandler | oracle        | 798   | 0       | 0        |
|-------------------+---------------+-------+---------+----------|
| PoolRoundsHandler | setPolicy     | 840   | 0       | 0        |
|-------------------+---------------+-------+---------+----------|
| PoolRoundsHandler | settle        | 1763  | 0       | 0        |
|-------------------+---------------+-------+---------+----------|
| PoolRoundsHandler | togglePause   | 832   | 0       | 0        |
|-------------------+---------------+-------+---------+----------|
| PoolRoundsHandler | warp          | 1739  | 0       | 0        |
|-------------------+---------------+-------+---------+----------|
| PoolRoundsHandler | withdrawFees  | 838   | 0       | 0        |
╰-------------------+---------------+-------+---------+----------╯

[PASS] invariant_NoTicketIsPaidTwice_AndPauseHoldsBets() (runs: 64, calls: 12800, reverts: 0)

╭-------------------+---------------+-------+---------+----------╮
| Contract          | Selector      | Calls | Reverts | Discards |
+================================================================+
| PoolRoundsHandler | bet           | 2583  | 0       | 0        |
|-------------------+---------------+-------+---------+----------|
| PoolRoundsHandler | claim         | 808   | 0       | 0        |
|-------------------+---------------+-------+---------+----------|
| PoolRoundsHandler | claimAgain    | 863   | 0       | 0        |
|-------------------+---------------+-------+---------+----------|
| PoolRoundsHandler | claimReferral | 874   | 0       | 0        |
|-------------------+---------------+-------+---------+----------|
| PoolRoundsHandler | fixStrike     | 862   | 0       | 0        |
|-------------------+---------------+-------+---------+----------|
| PoolRoundsHandler | oracle        | 798   | 0       | 0        |
|-------------------+---------------+-------+---------+----------|
| PoolRoundsHandler | setPolicy     | 840   | 0       | 0        |
|-------------------+---------------+-------+---------+----------|
| PoolRoundsHandler | settle        | 1763  | 0       | 0        |
|-------------------+---------------+-------+---------+----------|
| PoolRoundsHandler | togglePause   | 832   | 0       | 0        |
|-------------------+---------------+-------+---------+----------|
| PoolRoundsHandler | warp          | 1739  | 0       | 0        |
|-------------------+---------------+-------+---------+----------|
| PoolRoundsHandler | withdrawFees  | 838   | 0       | 0        |
╰-------------------+---------------+-------+---------+----------╯

[PASS] invariant_Solvent() (runs: 64, calls: 12800, reverts: 0)

╭-------------------+---------------+-------+---------+----------╮
| Contract          | Selector      | Calls | Reverts | Discards |
+================================================================+
| PoolRoundsHandler | bet           | 2583  | 0       | 0        |
|-------------------+---------------+-------+---------+----------|
| PoolRoundsHandler | claim         | 808   | 0       | 0        |
|-------------------+---------------+-------+---------+----------|
| PoolRoundsHandler | claimAgain    | 863   | 0       | 0        |
|-------------------+---------------+-------+---------+----------|
| PoolRoundsHandler | claimReferral | 874   | 0       | 0        |
|-------------------+---------------+-------+---------+----------|
| PoolRoundsHandler | fixStrike     | 862   | 0       | 0        |
|-------------------+---------------+-------+---------+----------|
| PoolRoundsHandler | oracle        | 798   | 0       | 0        |
|-------------------+---------------+-------+---------+----------|
| PoolRoundsHandler | setPolicy     | 840   | 0       | 0        |
|-------------------+---------------+-------+---------+----------|
| PoolRoundsHandler | settle        | 1763  | 0       | 0        |
|-------------------+---------------+-------+---------+----------|
| PoolRoundsHandler | togglePause   | 832   | 0       | 0        |
|-------------------+---------------+-------+---------+----------|
| PoolRoundsHandler | warp          | 1739  | 0       | 0        |
|-------------------+---------------+-------+---------+----------|
| PoolRoundsHandler | withdrawFees  | 838   | 0       | 0        |
╰-------------------+---------------+-------+---------+----------╯

[PASS] invariant_zz_CoverageSummary() (runs: 64, calls: 12800, reverts: 0)

╭-------------------+---------------+-------+---------+----------╮
| Contract          | Selector      | Calls | Reverts | Discards |
+================================================================+
| PoolRoundsHandler | bet           | 2583  | 0       | 0        |
|-------------------+---------------+-------+---------+----------|
| PoolRoundsHandler | claim         | 808   | 0       | 0        |
|-------------------+---------------+-------+---------+----------|
| PoolRoundsHandler | claimAgain    | 863   | 0       | 0        |
|-------------------+---------------+-------+---------+----------|
| PoolRoundsHandler | claimReferral | 874   | 0       | 0        |
|-------------------+---------------+-------+---------+----------|
| PoolRoundsHandler | fixStrike     | 862   | 0       | 0        |
|-------------------+---------------+-------+---------+----------|
| PoolRoundsHandler | oracle        | 798   | 0       | 0        |
|-------------------+---------------+-------+---------+----------|
| PoolRoundsHandler | setPolicy     | 840   | 0       | 0        |
|-------------------+---------------+-------+---------+----------|
| PoolRoundsHandler | settle        | 1763  | 0       | 0        |
|-------------------+---------------+-------+---------+----------|
| PoolRoundsHandler | togglePause   | 832   | 0       | 0        |
|-------------------+---------------+-------+---------+----------|
| PoolRoundsHandler | warp          | 1739  | 0       | 0        |
|-------------------+---------------+-------+---------+----------|
| PoolRoundsHandler | withdrawFees  | 838   | 0       | 0        |
╰-------------------+---------------+-------+---------+----------╯

Logs:
  rounds 10 tickets 19
  claims 5 strikes fixed 1
  settle/fixStrike decisions 3
  UP 3 DOWN 0
  TIE 0 REFUND 0

Suite result: ok. 6 passed; 0 failed; 0 skipped; finished in 74.89s (196.19s CPU time)

Ran 2 test suites in 74.90s (149.35s CPU time): 12 tests passed, 0 failed, 0 skipped (12 total tests)
=== --fuzz-seed 2 ===
No files changed, compilation skipped

Ran 6 tests for test/PoolRoundsInvariant.t.sol:PoolRoundsInvariantCap4Test
[PASS] invariant_BalanceIsDepositsMinusOutflows() (runs: 64, calls: 12800, reverts: 0)

╭-------------------+---------------+-------+---------+----------╮
| Contract          | Selector      | Calls | Reverts | Discards |
+================================================================+
| PoolRoundsHandler | bet           | 2617  | 0       | 0        |
|-------------------+---------------+-------+---------+----------|
| PoolRoundsHandler | claim         | 842   | 0       | 0        |
|-------------------+---------------+-------+---------+----------|
| PoolRoundsHandler | claimAgain    | 881   | 0       | 0        |
|-------------------+---------------+-------+---------+----------|
| PoolRoundsHandler | claimReferral | 858   | 0       | 0        |
|-------------------+---------------+-------+---------+----------|
| PoolRoundsHandler | fixStrike     | 794   | 0       | 0        |
|-------------------+---------------+-------+---------+----------|
| PoolRoundsHandler | oracle        | 818   | 0       | 0        |
|-------------------+---------------+-------+---------+----------|
| PoolRoundsHandler | setPolicy     | 894   | 0       | 0        |
|-------------------+---------------+-------+---------+----------|
| PoolRoundsHandler | settle        | 1694  | 0       | 0        |
|-------------------+---------------+-------+---------+----------|
| PoolRoundsHandler | togglePause   | 843   | 0       | 0        |
|-------------------+---------------+-------+---------+----------|
| PoolRoundsHandler | warp          | 1765  | 0       | 0        |
|-------------------+---------------+-------+---------+----------|
| PoolRoundsHandler | withdrawFees  | 794   | 0       | 0        |
╰-------------------+---------------+-------+---------+----------╯

[PASS] invariant_DecidedRoundsCoverTheirBudget() (runs: 64, calls: 12800, reverts: 0)

╭-------------------+---------------+-------+---------+----------╮
| Contract          | Selector      | Calls | Reverts | Discards |
+================================================================+
| PoolRoundsHandler | bet           | 2617  | 0       | 0        |
|-------------------+---------------+-------+---------+----------|
| PoolRoundsHandler | claim         | 842   | 0       | 0        |
|-------------------+---------------+-------+---------+----------|
| PoolRoundsHandler | claimAgain    | 881   | 0       | 0        |
|-------------------+---------------+-------+---------+----------|
| PoolRoundsHandler | claimReferral | 858   | 0       | 0        |
|-------------------+---------------+-------+---------+----------|
| PoolRoundsHandler | fixStrike     | 794   | 0       | 0        |
|-------------------+---------------+-------+---------+----------|
| PoolRoundsHandler | oracle        | 818   | 0       | 0        |
|-------------------+---------------+-------+---------+----------|
| PoolRoundsHandler | setPolicy     | 894   | 0       | 0        |
|-------------------+---------------+-------+---------+----------|
| PoolRoundsHandler | settle        | 1694  | 0       | 0        |
|-------------------+---------------+-------+---------+----------|
| PoolRoundsHandler | togglePause   | 843   | 0       | 0        |
|-------------------+---------------+-------+---------+----------|
| PoolRoundsHandler | warp          | 1765  | 0       | 0        |
|-------------------+---------------+-------+---------+----------|
| PoolRoundsHandler | withdrawFees  | 794   | 0       | 0        |
╰-------------------+---------------+-------+---------+----------╯

[PASS] invariant_FinishedRoundsLeaveOnlyFeeAndDust() (runs: 64, calls: 12800, reverts: 0)

╭-------------------+---------------+-------+---------+----------╮
| Contract          | Selector      | Calls | Reverts | Discards |
+================================================================+
| PoolRoundsHandler | bet           | 2617  | 0       | 0        |
|-------------------+---------------+-------+---------+----------|
| PoolRoundsHandler | claim         | 842   | 0       | 0        |
|-------------------+---------------+-------+---------+----------|
| PoolRoundsHandler | claimAgain    | 881   | 0       | 0        |
|-------------------+---------------+-------+---------+----------|
| PoolRoundsHandler | claimReferral | 858   | 0       | 0        |
|-------------------+---------------+-------+---------+----------|
| PoolRoundsHandler | fixStrike     | 794   | 0       | 0        |
|-------------------+---------------+-------+---------+----------|
| PoolRoundsHandler | oracle        | 818   | 0       | 0        |
|-------------------+---------------+-------+---------+----------|
| PoolRoundsHandler | setPolicy     | 894   | 0       | 0        |
|-------------------+---------------+-------+---------+----------|
| PoolRoundsHandler | settle        | 1694  | 0       | 0        |
|-------------------+---------------+-------+---------+----------|
| PoolRoundsHandler | togglePause   | 843   | 0       | 0        |
|-------------------+---------------+-------+---------+----------|
| PoolRoundsHandler | warp          | 1765  | 0       | 0        |
|-------------------+---------------+-------+---------+----------|
| PoolRoundsHandler | withdrawFees  | 794   | 0       | 0        |
╰-------------------+---------------+-------+---------+----------╯

[PASS] invariant_NoTicketIsPaidTwice_AndPauseHoldsBets() (runs: 64, calls: 12800, reverts: 0)

╭-------------------+---------------+-------+---------+----------╮
| Contract          | Selector      | Calls | Reverts | Discards |
+================================================================+
| PoolRoundsHandler | bet           | 2617  | 0       | 0        |
|-------------------+---------------+-------+---------+----------|
| PoolRoundsHandler | claim         | 842   | 0       | 0        |
|-------------------+---------------+-------+---------+----------|
| PoolRoundsHandler | claimAgain    | 881   | 0       | 0        |
|-------------------+---------------+-------+---------+----------|
| PoolRoundsHandler | claimReferral | 858   | 0       | 0        |
|-------------------+---------------+-------+---------+----------|
| PoolRoundsHandler | fixStrike     | 794   | 0       | 0        |
|-------------------+---------------+-------+---------+----------|
| PoolRoundsHandler | oracle        | 818   | 0       | 0        |
|-------------------+---------------+-------+---------+----------|
| PoolRoundsHandler | setPolicy     | 894   | 0       | 0        |
|-------------------+---------------+-------+---------+----------|
| PoolRoundsHandler | settle        | 1694  | 0       | 0        |
|-------------------+---------------+-------+---------+----------|
| PoolRoundsHandler | togglePause   | 843   | 0       | 0        |
|-------------------+---------------+-------+---------+----------|
| PoolRoundsHandler | warp          | 1765  | 0       | 0        |
|-------------------+---------------+-------+---------+----------|
| PoolRoundsHandler | withdrawFees  | 794   | 0       | 0        |
╰-------------------+---------------+-------+---------+----------╯

[PASS] invariant_Solvent() (runs: 64, calls: 12800, reverts: 0)

╭-------------------+---------------+-------+---------+----------╮
| Contract          | Selector      | Calls | Reverts | Discards |
+================================================================+
| PoolRoundsHandler | bet           | 2617  | 0       | 0        |
|-------------------+---------------+-------+---------+----------|
| PoolRoundsHandler | claim         | 842   | 0       | 0        |
|-------------------+---------------+-------+---------+----------|
| PoolRoundsHandler | claimAgain    | 881   | 0       | 0        |
|-------------------+---------------+-------+---------+----------|
| PoolRoundsHandler | claimReferral | 858   | 0       | 0        |
|-------------------+---------------+-------+---------+----------|
| PoolRoundsHandler | fixStrike     | 794   | 0       | 0        |
|-------------------+---------------+-------+---------+----------|
| PoolRoundsHandler | oracle        | 818   | 0       | 0        |
|-------------------+---------------+-------+---------+----------|
| PoolRoundsHandler | setPolicy     | 894   | 0       | 0        |
|-------------------+---------------+-------+---------+----------|
| PoolRoundsHandler | settle        | 1694  | 0       | 0        |
|-------------------+---------------+-------+---------+----------|
| PoolRoundsHandler | togglePause   | 843   | 0       | 0        |
|-------------------+---------------+-------+---------+----------|
| PoolRoundsHandler | warp          | 1765  | 0       | 0        |
|-------------------+---------------+-------+---------+----------|
| PoolRoundsHandler | withdrawFees  | 794   | 0       | 0        |
╰-------------------+---------------+-------+---------+----------╯

[PASS] invariant_zz_CoverageSummary() (runs: 64, calls: 12800, reverts: 0)

╭-------------------+---------------+-------+---------+----------╮
| Contract          | Selector      | Calls | Reverts | Discards |
+================================================================+
| PoolRoundsHandler | bet           | 2617  | 0       | 0        |
|-------------------+---------------+-------+---------+----------|
| PoolRoundsHandler | claim         | 842   | 0       | 0        |
|-------------------+---------------+-------+---------+----------|
| PoolRoundsHandler | claimAgain    | 881   | 0       | 0        |
|-------------------+---------------+-------+---------+----------|
| PoolRoundsHandler | claimReferral | 858   | 0       | 0        |
|-------------------+---------------+-------+---------+----------|
| PoolRoundsHandler | fixStrike     | 794   | 0       | 0        |
|-------------------+---------------+-------+---------+----------|
| PoolRoundsHandler | oracle        | 818   | 0       | 0        |
|-------------------+---------------+-------+---------+----------|
| PoolRoundsHandler | setPolicy     | 894   | 0       | 0        |
|-------------------+---------------+-------+---------+----------|
| PoolRoundsHandler | settle        | 1694  | 0       | 0        |
|-------------------+---------------+-------+---------+----------|
| PoolRoundsHandler | togglePause   | 843   | 0       | 0        |
|-------------------+---------------+-------+---------+----------|
| PoolRoundsHandler | warp          | 1765  | 0       | 0        |
|-------------------+---------------+-------+---------+----------|
| PoolRoundsHandler | withdrawFees  | 794   | 0       | 0        |
╰-------------------+---------------+-------+---------+----------╯

Logs:
  rounds 12 tickets 29
  claims 14 strikes fixed 2
  settle/fixStrike decisions 1
  UP 0 DOWN 1
  TIE 0 REFUND 2

Suite result: ok. 6 passed; 0 failed; 0 skipped; finished in 57.56s (167.94s CPU time)

Ran 6 tests for test/PoolRoundsInvariant.t.sol:PoolRoundsInvariantCap1Test
[PASS] invariant_BalanceIsDepositsMinusOutflows() (runs: 64, calls: 12800, reverts: 0)

╭-------------------+---------------+-------+---------+----------╮
| Contract          | Selector      | Calls | Reverts | Discards |
+================================================================+
| PoolRoundsHandler | bet           | 2617  | 0       | 0        |
|-------------------+---------------+-------+---------+----------|
| PoolRoundsHandler | claim         | 842   | 0       | 0        |
|-------------------+---------------+-------+---------+----------|
| PoolRoundsHandler | claimAgain    | 881   | 0       | 0        |
|-------------------+---------------+-------+---------+----------|
| PoolRoundsHandler | claimReferral | 858   | 0       | 0        |
|-------------------+---------------+-------+---------+----------|
| PoolRoundsHandler | fixStrike     | 794   | 0       | 0        |
|-------------------+---------------+-------+---------+----------|
| PoolRoundsHandler | oracle        | 818   | 0       | 0        |
|-------------------+---------------+-------+---------+----------|
| PoolRoundsHandler | setPolicy     | 894   | 0       | 0        |
|-------------------+---------------+-------+---------+----------|
| PoolRoundsHandler | settle        | 1694  | 0       | 0        |
|-------------------+---------------+-------+---------+----------|
| PoolRoundsHandler | togglePause   | 843   | 0       | 0        |
|-------------------+---------------+-------+---------+----------|
| PoolRoundsHandler | warp          | 1765  | 0       | 0        |
|-------------------+---------------+-------+---------+----------|
| PoolRoundsHandler | withdrawFees  | 794   | 0       | 0        |
╰-------------------+---------------+-------+---------+----------╯

[PASS] invariant_DecidedRoundsCoverTheirBudget() (runs: 64, calls: 12800, reverts: 0)

╭-------------------+---------------+-------+---------+----------╮
| Contract          | Selector      | Calls | Reverts | Discards |
+================================================================+
| PoolRoundsHandler | bet           | 2617  | 0       | 0        |
|-------------------+---------------+-------+---------+----------|
| PoolRoundsHandler | claim         | 842   | 0       | 0        |
|-------------------+---------------+-------+---------+----------|
| PoolRoundsHandler | claimAgain    | 881   | 0       | 0        |
|-------------------+---------------+-------+---------+----------|
| PoolRoundsHandler | claimReferral | 858   | 0       | 0        |
|-------------------+---------------+-------+---------+----------|
| PoolRoundsHandler | fixStrike     | 794   | 0       | 0        |
|-------------------+---------------+-------+---------+----------|
| PoolRoundsHandler | oracle        | 818   | 0       | 0        |
|-------------------+---------------+-------+---------+----------|
| PoolRoundsHandler | setPolicy     | 894   | 0       | 0        |
|-------------------+---------------+-------+---------+----------|
| PoolRoundsHandler | settle        | 1694  | 0       | 0        |
|-------------------+---------------+-------+---------+----------|
| PoolRoundsHandler | togglePause   | 843   | 0       | 0        |
|-------------------+---------------+-------+---------+----------|
| PoolRoundsHandler | warp          | 1765  | 0       | 0        |
|-------------------+---------------+-------+---------+----------|
| PoolRoundsHandler | withdrawFees  | 794   | 0       | 0        |
╰-------------------+---------------+-------+---------+----------╯

[PASS] invariant_FinishedRoundsLeaveOnlyFeeAndDust() (runs: 64, calls: 12800, reverts: 0)

╭-------------------+---------------+-------+---------+----------╮
| Contract          | Selector      | Calls | Reverts | Discards |
+================================================================+
| PoolRoundsHandler | bet           | 2617  | 0       | 0        |
|-------------------+---------------+-------+---------+----------|
| PoolRoundsHandler | claim         | 842   | 0       | 0        |
|-------------------+---------------+-------+---------+----------|
| PoolRoundsHandler | claimAgain    | 881   | 0       | 0        |
|-------------------+---------------+-------+---------+----------|
| PoolRoundsHandler | claimReferral | 858   | 0       | 0        |
|-------------------+---------------+-------+---------+----------|
| PoolRoundsHandler | fixStrike     | 794   | 0       | 0        |
|-------------------+---------------+-------+---------+----------|
| PoolRoundsHandler | oracle        | 818   | 0       | 0        |
|-------------------+---------------+-------+---------+----------|
| PoolRoundsHandler | setPolicy     | 894   | 0       | 0        |
|-------------------+---------------+-------+---------+----------|
| PoolRoundsHandler | settle        | 1694  | 0       | 0        |
|-------------------+---------------+-------+---------+----------|
| PoolRoundsHandler | togglePause   | 843   | 0       | 0        |
|-------------------+---------------+-------+---------+----------|
| PoolRoundsHandler | warp          | 1765  | 0       | 0        |
|-------------------+---------------+-------+---------+----------|
| PoolRoundsHandler | withdrawFees  | 794   | 0       | 0        |
╰-------------------+---------------+-------+---------+----------╯

[PASS] invariant_NoTicketIsPaidTwice_AndPauseHoldsBets() (runs: 64, calls: 12800, reverts: 0)

╭-------------------+---------------+-------+---------+----------╮
| Contract          | Selector      | Calls | Reverts | Discards |
+================================================================+
| PoolRoundsHandler | bet           | 2617  | 0       | 0        |
|-------------------+---------------+-------+---------+----------|
| PoolRoundsHandler | claim         | 842   | 0       | 0        |
|-------------------+---------------+-------+---------+----------|
| PoolRoundsHandler | claimAgain    | 881   | 0       | 0        |
|-------------------+---------------+-------+---------+----------|
| PoolRoundsHandler | claimReferral | 858   | 0       | 0        |
|-------------------+---------------+-------+---------+----------|
| PoolRoundsHandler | fixStrike     | 794   | 0       | 0        |
|-------------------+---------------+-------+---------+----------|
| PoolRoundsHandler | oracle        | 818   | 0       | 0        |
|-------------------+---------------+-------+---------+----------|
| PoolRoundsHandler | setPolicy     | 894   | 0       | 0        |
|-------------------+---------------+-------+---------+----------|
| PoolRoundsHandler | settle        | 1694  | 0       | 0        |
|-------------------+---------------+-------+---------+----------|
| PoolRoundsHandler | togglePause   | 843   | 0       | 0        |
|-------------------+---------------+-------+---------+----------|
| PoolRoundsHandler | warp          | 1765  | 0       | 0        |
|-------------------+---------------+-------+---------+----------|
| PoolRoundsHandler | withdrawFees  | 794   | 0       | 0        |
╰-------------------+---------------+-------+---------+----------╯

[PASS] invariant_Solvent() (runs: 64, calls: 12800, reverts: 0)

╭-------------------+---------------+-------+---------+----------╮
| Contract          | Selector      | Calls | Reverts | Discards |
+================================================================+
| PoolRoundsHandler | bet           | 2617  | 0       | 0        |
|-------------------+---------------+-------+---------+----------|
| PoolRoundsHandler | claim         | 842   | 0       | 0        |
|-------------------+---------------+-------+---------+----------|
| PoolRoundsHandler | claimAgain    | 881   | 0       | 0        |
|-------------------+---------------+-------+---------+----------|
| PoolRoundsHandler | claimReferral | 858   | 0       | 0        |
|-------------------+---------------+-------+---------+----------|
| PoolRoundsHandler | fixStrike     | 794   | 0       | 0        |
|-------------------+---------------+-------+---------+----------|
| PoolRoundsHandler | oracle        | 818   | 0       | 0        |
|-------------------+---------------+-------+---------+----------|
| PoolRoundsHandler | setPolicy     | 894   | 0       | 0        |
|-------------------+---------------+-------+---------+----------|
| PoolRoundsHandler | settle        | 1694  | 0       | 0        |
|-------------------+---------------+-------+---------+----------|
| PoolRoundsHandler | togglePause   | 843   | 0       | 0        |
|-------------------+---------------+-------+---------+----------|
| PoolRoundsHandler | warp          | 1765  | 0       | 0        |
|-------------------+---------------+-------+---------+----------|
| PoolRoundsHandler | withdrawFees  | 794   | 0       | 0        |
╰-------------------+---------------+-------+---------+----------╯

[PASS] invariant_zz_CoverageSummary() (runs: 64, calls: 12800, reverts: 0)

╭-------------------+---------------+-------+---------+----------╮
| Contract          | Selector      | Calls | Reverts | Discards |
+================================================================+
| PoolRoundsHandler | bet           | 2617  | 0       | 0        |
|-------------------+---------------+-------+---------+----------|
| PoolRoundsHandler | claim         | 842   | 0       | 0        |
|-------------------+---------------+-------+---------+----------|
| PoolRoundsHandler | claimAgain    | 881   | 0       | 0        |
|-------------------+---------------+-------+---------+----------|
| PoolRoundsHandler | claimReferral | 858   | 0       | 0        |
|-------------------+---------------+-------+---------+----------|
| PoolRoundsHandler | fixStrike     | 794   | 0       | 0        |
|-------------------+---------------+-------+---------+----------|
| PoolRoundsHandler | oracle        | 818   | 0       | 0        |
|-------------------+---------------+-------+---------+----------|
| PoolRoundsHandler | setPolicy     | 894   | 0       | 0        |
|-------------------+---------------+-------+---------+----------|
| PoolRoundsHandler | settle        | 1694  | 0       | 0        |
|-------------------+---------------+-------+---------+----------|
| PoolRoundsHandler | togglePause   | 843   | 0       | 0        |
|-------------------+---------------+-------+---------+----------|
| PoolRoundsHandler | warp          | 1765  | 0       | 0        |
|-------------------+---------------+-------+---------+----------|
| PoolRoundsHandler | withdrawFees  | 794   | 0       | 0        |
╰-------------------+---------------+-------+---------+----------╯

Logs:
  rounds 13 tickets 30
  claims 15 strikes fixed 3
  settle/fixStrike decisions 0
  UP 0 DOWN 0
  TIE 0 REFUND 2

Suite result: ok. 6 passed; 0 failed; 0 skipped; finished in 61.54s (172.24s CPU time)

Ran 2 test suites in 61.54s (119.10s CPU time): 12 tests passed, 0 failed, 0 skipped (12 total tests)
=== --fuzz-seed 3 ===
No files changed, compilation skipped

Ran 6 tests for test/PoolRoundsInvariant.t.sol:PoolRoundsInvariantCap1Test
[PASS] invariant_BalanceIsDepositsMinusOutflows() (runs: 64, calls: 12800, reverts: 0)

╭-------------------+---------------+-------+---------+----------╮
| Contract          | Selector      | Calls | Reverts | Discards |
+================================================================+
| PoolRoundsHandler | bet           | 2474  | 0       | 0        |
|-------------------+---------------+-------+---------+----------|
| PoolRoundsHandler | claim         | 862   | 0       | 0        |
|-------------------+---------------+-------+---------+----------|
| PoolRoundsHandler | claimAgain    | 940   | 0       | 0        |
|-------------------+---------------+-------+---------+----------|
| PoolRoundsHandler | claimReferral | 796   | 0       | 0        |
|-------------------+---------------+-------+---------+----------|
| PoolRoundsHandler | fixStrike     | 852   | 0       | 0        |
|-------------------+---------------+-------+---------+----------|
| PoolRoundsHandler | oracle        | 887   | 0       | 0        |
|-------------------+---------------+-------+---------+----------|
| PoolRoundsHandler | setPolicy     | 895   | 0       | 0        |
|-------------------+---------------+-------+---------+----------|
| PoolRoundsHandler | settle        | 1690  | 0       | 0        |
|-------------------+---------------+-------+---------+----------|
| PoolRoundsHandler | togglePause   | 906   | 0       | 0        |
|-------------------+---------------+-------+---------+----------|
| PoolRoundsHandler | warp          | 1683  | 0       | 0        |
|-------------------+---------------+-------+---------+----------|
| PoolRoundsHandler | withdrawFees  | 815   | 0       | 0        |
╰-------------------+---------------+-------+---------+----------╯

[PASS] invariant_DecidedRoundsCoverTheirBudget() (runs: 64, calls: 12800, reverts: 0)

╭-------------------+---------------+-------+---------+----------╮
| Contract          | Selector      | Calls | Reverts | Discards |
+================================================================+
| PoolRoundsHandler | bet           | 2474  | 0       | 0        |
|-------------------+---------------+-------+---------+----------|
| PoolRoundsHandler | claim         | 862   | 0       | 0        |
|-------------------+---------------+-------+---------+----------|
| PoolRoundsHandler | claimAgain    | 940   | 0       | 0        |
|-------------------+---------------+-------+---------+----------|
| PoolRoundsHandler | claimReferral | 796   | 0       | 0        |
|-------------------+---------------+-------+---------+----------|
| PoolRoundsHandler | fixStrike     | 852   | 0       | 0        |
|-------------------+---------------+-------+---------+----------|
| PoolRoundsHandler | oracle        | 887   | 0       | 0        |
|-------------------+---------------+-------+---------+----------|
| PoolRoundsHandler | setPolicy     | 895   | 0       | 0        |
|-------------------+---------------+-------+---------+----------|
| PoolRoundsHandler | settle        | 1690  | 0       | 0        |
|-------------------+---------------+-------+---------+----------|
| PoolRoundsHandler | togglePause   | 906   | 0       | 0        |
|-------------------+---------------+-------+---------+----------|
| PoolRoundsHandler | warp          | 1683  | 0       | 0        |
|-------------------+---------------+-------+---------+----------|
| PoolRoundsHandler | withdrawFees  | 815   | 0       | 0        |
╰-------------------+---------------+-------+---------+----------╯

[PASS] invariant_FinishedRoundsLeaveOnlyFeeAndDust() (runs: 64, calls: 12800, reverts: 0)

╭-------------------+---------------+-------+---------+----------╮
| Contract          | Selector      | Calls | Reverts | Discards |
+================================================================+
| PoolRoundsHandler | bet           | 2474  | 0       | 0        |
|-------------------+---------------+-------+---------+----------|
| PoolRoundsHandler | claim         | 862   | 0       | 0        |
|-------------------+---------------+-------+---------+----------|
| PoolRoundsHandler | claimAgain    | 940   | 0       | 0        |
|-------------------+---------------+-------+---------+----------|
| PoolRoundsHandler | claimReferral | 796   | 0       | 0        |
|-------------------+---------------+-------+---------+----------|
| PoolRoundsHandler | fixStrike     | 852   | 0       | 0        |
|-------------------+---------------+-------+---------+----------|
| PoolRoundsHandler | oracle        | 887   | 0       | 0        |
|-------------------+---------------+-------+---------+----------|
| PoolRoundsHandler | setPolicy     | 895   | 0       | 0        |
|-------------------+---------------+-------+---------+----------|
| PoolRoundsHandler | settle        | 1690  | 0       | 0        |
|-------------------+---------------+-------+---------+----------|
| PoolRoundsHandler | togglePause   | 906   | 0       | 0        |
|-------------------+---------------+-------+---------+----------|
| PoolRoundsHandler | warp          | 1683  | 0       | 0        |
|-------------------+---------------+-------+---------+----------|
| PoolRoundsHandler | withdrawFees  | 815   | 0       | 0        |
╰-------------------+---------------+-------+---------+----------╯

[PASS] invariant_NoTicketIsPaidTwice_AndPauseHoldsBets() (runs: 64, calls: 12800, reverts: 0)

╭-------------------+---------------+-------+---------+----------╮
| Contract          | Selector      | Calls | Reverts | Discards |
+================================================================+
| PoolRoundsHandler | bet           | 2474  | 0       | 0        |
|-------------------+---------------+-------+---------+----------|
| PoolRoundsHandler | claim         | 862   | 0       | 0        |
|-------------------+---------------+-------+---------+----------|
| PoolRoundsHandler | claimAgain    | 940   | 0       | 0        |
|-------------------+---------------+-------+---------+----------|
| PoolRoundsHandler | claimReferral | 796   | 0       | 0        |
|-------------------+---------------+-------+---------+----------|
| PoolRoundsHandler | fixStrike     | 852   | 0       | 0        |
|-------------------+---------------+-------+---------+----------|
| PoolRoundsHandler | oracle        | 887   | 0       | 0        |
|-------------------+---------------+-------+---------+----------|
| PoolRoundsHandler | setPolicy     | 895   | 0       | 0        |
|-------------------+---------------+-------+---------+----------|
| PoolRoundsHandler | settle        | 1690  | 0       | 0        |
|-------------------+---------------+-------+---------+----------|
| PoolRoundsHandler | togglePause   | 906   | 0       | 0        |
|-------------------+---------------+-------+---------+----------|
| PoolRoundsHandler | warp          | 1683  | 0       | 0        |
|-------------------+---------------+-------+---------+----------|
| PoolRoundsHandler | withdrawFees  | 815   | 0       | 0        |
╰-------------------+---------------+-------+---------+----------╯

[PASS] invariant_Solvent() (runs: 64, calls: 12800, reverts: 0)

╭-------------------+---------------+-------+---------+----------╮
| Contract          | Selector      | Calls | Reverts | Discards |
+================================================================+
| PoolRoundsHandler | bet           | 2474  | 0       | 0        |
|-------------------+---------------+-------+---------+----------|
| PoolRoundsHandler | claim         | 862   | 0       | 0        |
|-------------------+---------------+-------+---------+----------|
| PoolRoundsHandler | claimAgain    | 940   | 0       | 0        |
|-------------------+---------------+-------+---------+----------|
| PoolRoundsHandler | claimReferral | 796   | 0       | 0        |
|-------------------+---------------+-------+---------+----------|
| PoolRoundsHandler | fixStrike     | 852   | 0       | 0        |
|-------------------+---------------+-------+---------+----------|
| PoolRoundsHandler | oracle        | 887   | 0       | 0        |
|-------------------+---------------+-------+---------+----------|
| PoolRoundsHandler | setPolicy     | 895   | 0       | 0        |
|-------------------+---------------+-------+---------+----------|
| PoolRoundsHandler | settle        | 1690  | 0       | 0        |
|-------------------+---------------+-------+---------+----------|
| PoolRoundsHandler | togglePause   | 906   | 0       | 0        |
|-------------------+---------------+-------+---------+----------|
| PoolRoundsHandler | warp          | 1683  | 0       | 0        |
|-------------------+---------------+-------+---------+----------|
| PoolRoundsHandler | withdrawFees  | 815   | 0       | 0        |
╰-------------------+---------------+-------+---------+----------╯

[PASS] invariant_zz_CoverageSummary() (runs: 64, calls: 12800, reverts: 0)

╭-------------------+---------------+-------+---------+----------╮
| Contract          | Selector      | Calls | Reverts | Discards |
+================================================================+
| PoolRoundsHandler | bet           | 2474  | 0       | 0        |
|-------------------+---------------+-------+---------+----------|
| PoolRoundsHandler | claim         | 862   | 0       | 0        |
|-------------------+---------------+-------+---------+----------|
| PoolRoundsHandler | claimAgain    | 940   | 0       | 0        |
|-------------------+---------------+-------+---------+----------|
| PoolRoundsHandler | claimReferral | 796   | 0       | 0        |
|-------------------+---------------+-------+---------+----------|
| PoolRoundsHandler | fixStrike     | 852   | 0       | 0        |
|-------------------+---------------+-------+---------+----------|
| PoolRoundsHandler | oracle        | 887   | 0       | 0        |
|-------------------+---------------+-------+---------+----------|
| PoolRoundsHandler | setPolicy     | 895   | 0       | 0        |
|-------------------+---------------+-------+---------+----------|
| PoolRoundsHandler | settle        | 1690  | 0       | 0        |
|-------------------+---------------+-------+---------+----------|
| PoolRoundsHandler | togglePause   | 906   | 0       | 0        |
|-------------------+---------------+-------+---------+----------|
| PoolRoundsHandler | warp          | 1683  | 0       | 0        |
|-------------------+---------------+-------+---------+----------|
| PoolRoundsHandler | withdrawFees  | 815   | 0       | 0        |
╰-------------------+---------------+-------+---------+----------╯

Logs:
  rounds 12 tickets 27
  claims 9 strikes fixed 2
  settle/fixStrike decisions 3
  UP 3 DOWN 0
  TIE 0 REFUND 0

Suite result: ok. 6 passed; 0 failed; 0 skipped; finished in 64.97s (177.57s CPU time)

Ran 6 tests for test/PoolRoundsInvariant.t.sol:PoolRoundsInvariantCap4Test
[PASS] invariant_BalanceIsDepositsMinusOutflows() (runs: 64, calls: 12800, reverts: 0)

╭-------------------+---------------+-------+---------+----------╮
| Contract          | Selector      | Calls | Reverts | Discards |
+================================================================+
| PoolRoundsHandler | bet           | 2474  | 0       | 0        |
|-------------------+---------------+-------+---------+----------|
| PoolRoundsHandler | claim         | 862   | 0       | 0        |
|-------------------+---------------+-------+---------+----------|
| PoolRoundsHandler | claimAgain    | 940   | 0       | 0        |
|-------------------+---------------+-------+---------+----------|
| PoolRoundsHandler | claimReferral | 796   | 0       | 0        |
|-------------------+---------------+-------+---------+----------|
| PoolRoundsHandler | fixStrike     | 852   | 0       | 0        |
|-------------------+---------------+-------+---------+----------|
| PoolRoundsHandler | oracle        | 887   | 0       | 0        |
|-------------------+---------------+-------+---------+----------|
| PoolRoundsHandler | setPolicy     | 895   | 0       | 0        |
|-------------------+---------------+-------+---------+----------|
| PoolRoundsHandler | settle        | 1690  | 0       | 0        |
|-------------------+---------------+-------+---------+----------|
| PoolRoundsHandler | togglePause   | 906   | 0       | 0        |
|-------------------+---------------+-------+---------+----------|
| PoolRoundsHandler | warp          | 1683  | 0       | 0        |
|-------------------+---------------+-------+---------+----------|
| PoolRoundsHandler | withdrawFees  | 815   | 0       | 0        |
╰-------------------+---------------+-------+---------+----------╯

[PASS] invariant_DecidedRoundsCoverTheirBudget() (runs: 64, calls: 12800, reverts: 0)

╭-------------------+---------------+-------+---------+----------╮
| Contract          | Selector      | Calls | Reverts | Discards |
+================================================================+
| PoolRoundsHandler | bet           | 2474  | 0       | 0        |
|-------------------+---------------+-------+---------+----------|
| PoolRoundsHandler | claim         | 862   | 0       | 0        |
|-------------------+---------------+-------+---------+----------|
| PoolRoundsHandler | claimAgain    | 940   | 0       | 0        |
|-------------------+---------------+-------+---------+----------|
| PoolRoundsHandler | claimReferral | 796   | 0       | 0        |
|-------------------+---------------+-------+---------+----------|
| PoolRoundsHandler | fixStrike     | 852   | 0       | 0        |
|-------------------+---------------+-------+---------+----------|
| PoolRoundsHandler | oracle        | 887   | 0       | 0        |
|-------------------+---------------+-------+---------+----------|
| PoolRoundsHandler | setPolicy     | 895   | 0       | 0        |
|-------------------+---------------+-------+---------+----------|
| PoolRoundsHandler | settle        | 1690  | 0       | 0        |
|-------------------+---------------+-------+---------+----------|
| PoolRoundsHandler | togglePause   | 906   | 0       | 0        |
|-------------------+---------------+-------+---------+----------|
| PoolRoundsHandler | warp          | 1683  | 0       | 0        |
|-------------------+---------------+-------+---------+----------|
| PoolRoundsHandler | withdrawFees  | 815   | 0       | 0        |
╰-------------------+---------------+-------+---------+----------╯

[PASS] invariant_FinishedRoundsLeaveOnlyFeeAndDust() (runs: 64, calls: 12800, reverts: 0)

╭-------------------+---------------+-------+---------+----------╮
| Contract          | Selector      | Calls | Reverts | Discards |
+================================================================+
| PoolRoundsHandler | bet           | 2474  | 0       | 0        |
|-------------------+---------------+-------+---------+----------|
| PoolRoundsHandler | claim         | 862   | 0       | 0        |
|-------------------+---------------+-------+---------+----------|
| PoolRoundsHandler | claimAgain    | 940   | 0       | 0        |
|-------------------+---------------+-------+---------+----------|
| PoolRoundsHandler | claimReferral | 796   | 0       | 0        |
|-------------------+---------------+-------+---------+----------|
| PoolRoundsHandler | fixStrike     | 852   | 0       | 0        |
|-------------------+---------------+-------+---------+----------|
| PoolRoundsHandler | oracle        | 887   | 0       | 0        |
|-------------------+---------------+-------+---------+----------|
| PoolRoundsHandler | setPolicy     | 895   | 0       | 0        |
|-------------------+---------------+-------+---------+----------|
| PoolRoundsHandler | settle        | 1690  | 0       | 0        |
|-------------------+---------------+-------+---------+----------|
| PoolRoundsHandler | togglePause   | 906   | 0       | 0        |
|-------------------+---------------+-------+---------+----------|
| PoolRoundsHandler | warp          | 1683  | 0       | 0        |
|-------------------+---------------+-------+---------+----------|
| PoolRoundsHandler | withdrawFees  | 815   | 0       | 0        |
╰-------------------+---------------+-------+---------+----------╯

[PASS] invariant_NoTicketIsPaidTwice_AndPauseHoldsBets() (runs: 64, calls: 12800, reverts: 0)

╭-------------------+---------------+-------+---------+----------╮
| Contract          | Selector      | Calls | Reverts | Discards |
+================================================================+
| PoolRoundsHandler | bet           | 2474  | 0       | 0        |
|-------------------+---------------+-------+---------+----------|
| PoolRoundsHandler | claim         | 862   | 0       | 0        |
|-------------------+---------------+-------+---------+----------|
| PoolRoundsHandler | claimAgain    | 940   | 0       | 0        |
|-------------------+---------------+-------+---------+----------|
| PoolRoundsHandler | claimReferral | 796   | 0       | 0        |
|-------------------+---------------+-------+---------+----------|
| PoolRoundsHandler | fixStrike     | 852   | 0       | 0        |
|-------------------+---------------+-------+---------+----------|
| PoolRoundsHandler | oracle        | 887   | 0       | 0        |
|-------------------+---------------+-------+---------+----------|
| PoolRoundsHandler | setPolicy     | 895   | 0       | 0        |
|-------------------+---------------+-------+---------+----------|
| PoolRoundsHandler | settle        | 1690  | 0       | 0        |
|-------------------+---------------+-------+---------+----------|
| PoolRoundsHandler | togglePause   | 906   | 0       | 0        |
|-------------------+---------------+-------+---------+----------|
| PoolRoundsHandler | warp          | 1683  | 0       | 0        |
|-------------------+---------------+-------+---------+----------|
| PoolRoundsHandler | withdrawFees  | 815   | 0       | 0        |
╰-------------------+---------------+-------+---------+----------╯

[PASS] invariant_Solvent() (runs: 64, calls: 12800, reverts: 0)

╭-------------------+---------------+-------+---------+----------╮
| Contract          | Selector      | Calls | Reverts | Discards |
+================================================================+
| PoolRoundsHandler | bet           | 2474  | 0       | 0        |
|-------------------+---------------+-------+---------+----------|
| PoolRoundsHandler | claim         | 862   | 0       | 0        |
|-------------------+---------------+-------+---------+----------|
| PoolRoundsHandler | claimAgain    | 940   | 0       | 0        |
|-------------------+---------------+-------+---------+----------|
| PoolRoundsHandler | claimReferral | 796   | 0       | 0        |
|-------------------+---------------+-------+---------+----------|
| PoolRoundsHandler | fixStrike     | 852   | 0       | 0        |
|-------------------+---------------+-------+---------+----------|
| PoolRoundsHandler | oracle        | 887   | 0       | 0        |
|-------------------+---------------+-------+---------+----------|
| PoolRoundsHandler | setPolicy     | 895   | 0       | 0        |
|-------------------+---------------+-------+---------+----------|
| PoolRoundsHandler | settle        | 1690  | 0       | 0        |
|-------------------+---------------+-------+---------+----------|
| PoolRoundsHandler | togglePause   | 906   | 0       | 0        |
|-------------------+---------------+-------+---------+----------|
| PoolRoundsHandler | warp          | 1683  | 0       | 0        |
|-------------------+---------------+-------+---------+----------|
| PoolRoundsHandler | withdrawFees  | 815   | 0       | 0        |
╰-------------------+---------------+-------+---------+----------╯

[PASS] invariant_zz_CoverageSummary() (runs: 64, calls: 12800, reverts: 0)

╭-------------------+---------------+-------+---------+----------╮
| Contract          | Selector      | Calls | Reverts | Discards |
+================================================================+
| PoolRoundsHandler | bet           | 2474  | 0       | 0        |
|-------------------+---------------+-------+---------+----------|
| PoolRoundsHandler | claim         | 862   | 0       | 0        |
|-------------------+---------------+-------+---------+----------|
| PoolRoundsHandler | claimAgain    | 940   | 0       | 0        |
|-------------------+---------------+-------+---------+----------|
| PoolRoundsHandler | claimReferral | 796   | 0       | 0        |
|-------------------+---------------+-------+---------+----------|
| PoolRoundsHandler | fixStrike     | 852   | 0       | 0        |
|-------------------+---------------+-------+---------+----------|
| PoolRoundsHandler | oracle        | 887   | 0       | 0        |
|-------------------+---------------+-------+---------+----------|
| PoolRoundsHandler | setPolicy     | 895   | 0       | 0        |
|-------------------+---------------+-------+---------+----------|
| PoolRoundsHandler | settle        | 1690  | 0       | 0        |
|-------------------+---------------+-------+---------+----------|
| PoolRoundsHandler | togglePause   | 906   | 0       | 0        |
|-------------------+---------------+-------+---------+----------|
| PoolRoundsHandler | warp          | 1683  | 0       | 0        |
|-------------------+---------------+-------+---------+----------|
| PoolRoundsHandler | withdrawFees  | 815   | 0       | 0        |
╰-------------------+---------------+-------+---------+----------╯

Logs:
  rounds 13 tickets 27
  claims 9 strikes fixed 3
  settle/fixStrike decisions 3
  UP 2 DOWN 1
  TIE 0 REFUND 0

Suite result: ok. 6 passed; 0 failed; 0 skipped; finished in 67.40s (185.99s CPU time)

Ran 2 test suites in 67.41s (132.38s CPU time): 12 tests passed, 0 failed, 0 skipped (12 total tests)
